Signed in as cp-harness-1a8c17c2@edunexus-harness.invalid (5af2a3f5-c9ca-4ba5-9b8a-f9080d6ef25a)

══════════════════════════════════════════════════════════════════════════════
1. HAPPY PATH — module generation (fresh, real AI call)
══════════════════════════════════════════════════════════════════════════════
Generating notes for SECE2250 Basic Computer Organization and Architecture (55cd3c57-3bb3-4a5c-8630-594bdde6b966)
  status=200 ms=13541
  ✓ generation succeeds — status=200
  ✓ blocks is array
  ✓ blocks in [4,12] — got 8
  ✓ source=fresh — fresh
  ✓ pyqEnriched flag present
  block kinds present: concept, comparison, count=8
  (no formula block generated for this module — architecture module, plausible)
  ✓ all block ids match pattern — []
  ✓ no _moduleId leak in module response

──────────────────────────────────────────────────────────────────────
Repeat GET — should now be a cache hit (hash match)
──────────────────────────────────────────────────────────────────────
  ✓ second GET is cache hit — cache
  ✓ version unchanged — 1

══════════════════════════════════════════════════════════════════════════════
2. SUBJECT ASSEMBLY — deterministic join, cached module rows (IDME3532, no AI call expected)
══════════════════════════════════════════════════════════════════════════════
  ✓ assembly succeeds — status=200 body={"blocks":[{"id":"concept-engine-electrical-fundamentals","kind":"concept","title":"Fundamentals of Engine Electricals","relatedTerms":["Battery","Starter Motor","Alternator","Ignition System"],"whyItMatters":"Without a functional engine electrical system, the vehicle cannot start, run, or maintain 
  ✓ modulesCovered = 4 — {"generatedAt":"2026-08-16T16:18:19.598Z","modulesCovered":["075426a6-a1c2-4ca2-b94b-2d015eb557ad","58355caf-d9f5-4903-b0f8-0acff51be9a6","cdb34c88-bbf7-4f4f-b8b3-1e65b868f494","95240f57-a396-4de4-b33f-01f4476c6fc1"],"modulesTotal":4,"aggregateTokensUsed":18737,"aggregateCostInr":1.3572118,"moduleBreakpoints":[{"moduleId":"075426a6-a1c2-4ca2-b94b-2d015eb557ad","moduleName":"Electrical and Electronics System","moduleNumber":1,"startIndex":0,"count":5},{"moduleId":"58355caf-d9f5-4903-b0f8-0acff51be9a6","moduleName":"Steering System","moduleNumber":2,"startIndex":5,"count":8},{"moduleId":"cdb34c88-bbf7-4f4f-b8b3-1e65b868f494","moduleName":"Suspension System","moduleNumber":3,"startIndex":13,"count":5},{"moduleId":"95240f57-a396-4de4-b33f-01f4476c6fc1","moduleName":"Wheels and Tyres","moduleNumber":4,"startIndex":18,"count":5}]}
  ✓ moduleBreakpoints tile the array
  ✓ no _moduleId leak in subject response
  23 total blocks across 4 modules

──────────────────────────────────────────────────────────────────────
Repeat subject GET — cache hit expected, waives rate limit
──────────────────────────────────────────────────────────────────────
  ✓ second subject GET is cache hit — cache

══════════════════════════════════════════════════════════════════════════════
3. EXPORT — full subject PDF + single-module PDF (IDME3532, cache-backed)
══════════════════════════════════════════════════════════════════════════════
  ✓ full export 200 — status=200
  ✓ content-type is pdf — application/pdf
  full PDF size: 43244 bytes
  ✓ module-scoped export 200 — status=200
  module-scoped PDF size: 31801 bytes
  ✓ module PDF smaller than full PDF

──────────────────────────────────────────────────────────────────────
Export with foreign/garbage moduleId param
──────────────────────────────────────────────────────────────────────
  ✓ garbage moduleId -> 400 module_not_found — status=400 body={"error":"module_not_found"}

──────────────────────────────────────────────────────────────────────
Export a moduleId that belongs to a DIFFERENT subject (cross-subject param tamper)
──────────────────────────────────────────────────────────────────────
  ✓ cross-subject moduleId rejected (not silently served) — status=400 body={"error":"module_not_found"}

══════════════════════════════════════════════════════════════════════════════
4. AUTHORIZATION — subject not offered to this branch/module ownership tamper
══════════════════════════════════════════════════════════════════════════════
  ✓ cross-branch subject (DS) denied for CSE student — status=403 body={"error":"Forbidden: subject is not offered to your branch"}

──────────────────────────────────────────────────────────────────────
Module GET with a moduleId belonging to an inaccessible subject
──────────────────────────────────────────────────────────────────────
  ✓ foreign module GET denied (403), not silently generated — status=403 body={"error":"Forbidden: subject is not offered to your branch"}

──────────────────────────────────────────────────────────────────────
Regenerate as a plain student — must be refused (faculty tier only)
──────────────────────────────────────────────────────────────────────
  ✓ student regenerate denied — status=403 body={"error":"Forbidden: Faculty only"}

──────────────────────────────────────────────────────────────────────
Subject regenerate as a plain student — must be refused
──────────────────────────────────────────────────────────────────────
  ✓ student subject-regenerate denied — status=403 body={"error":"Forbidden: Faculty or Superadmin or Dean or Hod only"}

══════════════════════════════════════════════════════════════════════════════
5. MALFORMED / BOUNDARY INPUT
══════════════════════════════════════════════════════════════════════════════
  ✓ garbage subjectId handled cleanly (not 500) — status=404 body={"error":"Subject not found"}
  ✓ garbage moduleId handled cleanly (not 500) — status=404 body={"error":"Module not found"}
  ✓ SQL-ish subjectId handled cleanly (not 500) — status=404
  ✓ 10k-char subjectId handled cleanly (not 500) — status=404
  ✓ export before subject notes exist -> clean 404 no_notes (not 500) — status=404 body={"error":"no_notes","message":"Generate notes first"}

══════════════════════════════════════════════════════════════════════════════
6. CONCURRENCY — two parallel GETs on a module with NO existing notes row
══════════════════════════════════════════════════════════════════════════════
Racing two concurrent GETs on SECE3260 Modern Cryptographic Algorithms: (0993b585-7cc4-448f-a6b7-cf7e60acc4ac)
  race took 17016ms; A: status=200 source=fresh; B: status=500 source=undefined
  rows for this module after race: [{"id":"42a13d01-2620-4386-83c5-f8e1f2a88f04","version":1,"is_stale":false,"created_at":"2026-08-16T16:19:11.742673+00:00"}]
  ✓ at most one non-stale row exists after concurrent generation — [{"id":"42a13d01-2620-4386-83c5-f8e1f2a88f04","version":1,"is_stale":false,"created_at":"2026-08-16T16:19:11.742673+00:00"}]
  both succeeded: false; exactly one failed: true
  FAILED response body: {"error":"storage_failed","message":"duplicate key value violates unique constraint \"study_notes_module_version_key\""}

══════════════════════════════════════════════════════════════════════════════
7. RATE LIMIT — notes_export (5/day), boundary hammer
══════════════════════════════════════════════════════════════════════════════
  notes_export usage so far for IDME3532: 2
  6 sequential export calls: 200, 200, 200, 429, 429, 429
  ✓ a 429 eventually appears within the hammer — 200,200,200,429,429,429

Done.

Cleanup: deleted student cp-harness-1a8c17c2@edunexus-harness.invalid (0 session(s))

31 passed, 0 failed
