ai_call_logs (feature=placement, last 2h): [
  {
    "task": "placement_prep",
    "cost_inr": 0.5214,
    "feature": "placement",
    "created_at": "2026-08-16T17:22:51.820661+00:00"
  },
  {
    "task": "placement_prep",
    "cost_inr": 0.436,
    "feature": "placement",
    "created_at": "2026-08-16T17:22:11.061878+00:00"
  },
  {
    "task": "placement_prep",
    "cost_inr": 0.2274,
    "feature": "placement",
    "created_at": "2026-08-16T17:22:11.000666+00:00"
  }
]
total cost INR: 1.1848 call count: 3
profiles: total_rows_sampled=163 leftover_matching_harness_email=0
student_placement_profiles: total_rows_sampled=1 leftover_matching_harness_email=0
placement_topic_mastery: total_rows_sampled=3 leftover_matching_harness_email=0
placement_question_attempts: total_rows_sampled=14 leftover_matching_harness_email=0
placement_attempts: total_rows_sampled=0 leftover_matching_harness_email=0
practice_attempts: total_rows_sampled=3 leftover_matching_harness_email=0
placement_question_bank rows generated this run (topic=SQL Queries & Joins, last 2h): 8
