
── setup incomplete ──
  [high] setup — Finish your placement setup -> /student/placement/setup | tags=["Setup incomplete"]

── all-ready, zero drives ──
  [low] maintenance — Keep your edge sharp -> /student/placement/prep | tags=["Overall 90/100"]
  [low] mock_interview — Try a mock interview -> /student/placement/interview/mock | tags=["Stage 3"]

── drive exists but student ineligible (branch mismatch) ──
  [medium] weak_dimension — Practice Aptitude -> /student/placement/prep/aptitude | tags=["Aptitude 30/100"]

── eligible drive, all dims strong (>=60) — expect NO drive_sprint AND NO maintenance fallback ──
  (EMPTY — zero moves returned)

── drive date already in the past ──
  [medium] weak_dimension — Practice Aptitude -> /student/placement/prep/aptitude | tags=["Aptitude 20/100"]

── drive 30 days out — outside sprint window ──
  [medium] weak_dimension — Practice Aptitude -> /student/placement/prep/aptitude | tags=["Aptitude 20/100"]

── dimension idle 20 days (drift) ──
  [medium] drift_return — Return to Aptitude -> /student/placement/prep/aptitude | tags=["Aptitude · 20d idle"]
  [medium] weak_dimension — Practice Verbal Ability -> /student/placement/prep/verbal | tags=["Verbal Ability 50/100"]

── coding dimension weak+idle — must not attempt drift (no track) ──
  [medium] weak_dimension — Practice Coding -> /student/placement/prep/domain | tags=["Coding 10/100"]

── two eligible drives in-window, overlapping weakest dims — dedup via coveredDimensions ──
  [high] drive_sprint — Sprint Aptitude for TCS -> /student/placement/prep/aptitude | tags=["TCS · 2d","Aptitude 20/100"]
  [high] drive_sprint — Sprint Verbal Ability for Infosys -> /student/placement/prep/verbal | tags=["Infosys · 3d","Verbal Ability 25/100"]

── cgpa null (setup flipped true without filling cgpa) + drive requires min_cgpa ──
  [medium] weak_dimension — Practice Aptitude -> /student/placement/prep/aptitude | tags=["Aptitude 20/100"]

── boundary: all dims exactly 70 (ALL_READY_THRESHOLD), zero drives ──
  [low] maintenance — Keep your edge sharp -> /student/placement/prep | tags=["Overall 50/100"]
  [low] mock_interview — Try a mock interview -> /student/placement/interview/mock | tags=["Stage 3"]


DONE — no exceptions thrown across 11 edge-case states.
