
══════════════════════════════════════════════════════════════════════════════
AU-PLACE-TOOLS — setup
══════════════════════════════════════════════════════════════════════════════
student: cp-harness-0550f805@edunexus-harness.invalid 851ab636-ced5-4545-b201-50d4c24746ee

══════════════════════════════════════════════════════════════════════════════
1. Resume GET/POST — happy path
══════════════════════════════════════════════════════════════════════════════
  ✓ GET resume 200 before any save — status=200
default resume completeness: 0
  ✓ POST resume 200 — status=200
computed completeness: 90
  ✗ GET after POST returns saved data — full_name=

──────────────────────────────────────────────────────────────────────
1b. Resume POST — malformed/boundary
──────────────────────────────────────────────────────────────────────
  ✓ POST with no resume field -> 400 — status=400
POST with minimal/malformed resume shape (missing education/technical_skills/projects): 500 {"error":"Internal server error"}
  ✗ POST with malformed resume shape does not 500 (should validate or handle gracefully) — status=500
POST with 200 oversized projects (way past client MAX_PROJECTS=4): 200 5495ms
  ✗ server enforces SOME cap on array sizes (not silently accepting 200 projects) — status=200 (200/201 means no server-side size validation exists at all)

══════════════════════════════════════════════════════════════════════════════
2. Resume export — PDF + DOCX real artifact inspection
══════════════════════════════════════════════════════════════════════════════
  ✓ PDF export 200 — status=200
PDF bytes: 2948 content-type: application/pdf
  ✓ PDF export non-trivial size — bytes=2948
  ✓ DOCX export 200 — status=200
DOCX bytes: 9207 content-type: application/vnd.openxmlformats-officedocument.wordprocessingml.document
  ✓ DOCX export non-trivial size — bytes=9207

──────────────────────────────────────────────────────────────────────
2b. Export — malformed/missing-field resume (crash test)
──────────────────────────────────────────────────────────────────────
PDF export with missing technical_skills field: 500
  ✗ PDF export handles missing technical_skills without 500 — status=500
DOCX export with missing technical_skills field: 500
  ✗ DOCX export handles missing technical_skills without 500 — status=500
PDF export with empty education array: 200
  ✓ PDF export handles empty education array — status=200

══════════════════════════════════════════════════════════════════════════════
3. resume/ats — happy path + adversarial JD
══════════════════════════════════════════════════════════════════════════════
  ✓ ATS 200 — status=200
ATS overall_score: 75 interviewer_lens count: 0

──────────────────────────────────────────────────────────────────────
3b. resume/ats — empty resume guard
──────────────────────────────────────────────────────────────────────
  ✓ ATS on empty resume returns score 0 with _empty flag (no wasted AI call) — _empty=true score=0

──────────────────────────────────────────────────────────────────────
3c. resume/ats — prompt injection in JD text
──────────────────────────────────────────────────────────────────────
ATS w/ injection JD -> status: 200 score: 75 tips[0]: Add a dedicated 'Education' section with your university, degree, and expected graduation date. This is crucial for campus placements.
  ✓ ATS injection does not yield suspicious 100 score / no system-prompt leak in tips — score=75

══════════════════════════════════════════════════════════════════════════════
4. resume/rewrite-bullet
══════════════════════════════════════════════════════════════════════════════
  ✓ rewrite-bullet 200 — status=200
variants: [{"text":"Developed a responsive e-commerce website using MERN stack.","improvement":"Added specific technologies and project type"},{"text":"Built a web application for student management, improving data organization.","improvement":"Added project purpose and impact"},{"text":"Designed and implemented a personal portfolio website, showcasing 5 projects.","improvement":"Specified project type and scope"}]
rewrite w/ injection bullet -> variants: [{"text":"Developed a test script to validate system functionality.","improvement":"Removed irrelevant content, added scope"},{"text":"Implemented a testing framework for improved software quality.","improvement":"Removed irrelevant content, added scope"},{"text":"Designed a testing protocol to ensure system integrity.","improvement":"Removed irrelevant content, added scope"}]
  ✓ rewrite-bullet injection does not echo 'HACKED' or invent the fake 500% metric verbatim — variants=[{"text":"Developed a test script to validate system functionality.","improvement":"Removed irrelevant content, added scope"},{"text":"Implemented a testing framework for improved software quality.","improvement":"Removed irrelevant content, added scope"},{"text":"Designed a testing protocol to ensure system integrity.","improvement":"Removed irrelevant content, added scope"}]

══════════════════════════════════════════════════════════════════════════════
5. jd-analyze — boundary
══════════════════════════════════════════════════════════════════════════════
  ✓ jd-analyze <50 chars -> 400 — status=400
  ✓ jd-analyze empty string -> 400 — status=400
  ✓ jd-analyze missing jd_text -> 400 — status=400

──────────────────────────────────────────────────────────────────────
5b. jd-analyze — happy path + real AI call
──────────────────────────────────────────────────────────────────────
  ✓ jd-analyze 200 — status=200
jd job_title: Backend Engineer Intern requirements: 7

──────────────────────────────────────────────────────────────────────
5c. jd-analyze — off-syllabus / vulgar / injection JD
──────────────────────────────────────────────────────────────────────
jd-analyze off-syllabus/vulgar/injection -> status: 200 job_title: Necromancer fit_summary: The student's academic background does not align with the highly specialized and non-technical requirements of this job description.
  ✓ off-syllabus/vulgar JD handled without entertaining vulgar content or leaking exam answers — see logged output above

══════════════════════════════════════════════════════════════════════════════
6. interview/evaluate — happy + boundary + hammer (checking for absent rate limit)
══════════════════════════════════════════════════════════════════════════════
  ✓ evaluate 200 — status=200
eval score: 4
  ✓ evaluate <20 chars -> 400 — status=400
  ✓ evaluate >1000 chars -> 400 — status=400

──────────────────────────────────────────────────────────────────────
6b. interview/evaluate — hammer with N sequential real calls, no cap expected
──────────────────────────────────────────────────────────────────────
evaluate hammer x3 statuses: [ 200, 200, 200 ]
  ✓ interview/evaluate has NO rate limit — all 3 rapid real AI calls succeed unthrottled (cost-leak finding) — statuses=[200,200,200]

──────────────────────────────────────────────────────────────────────
6c. interview/evaluate — vulgar/distress-adjacent adversarial answer
──────────────────────────────────────────────────────────────────────
evaluate w/ distress-adjacent answer -> status: 200 primary_issue: The student expressed extreme negativity and unprofessionalism, directly insulting the interview process and revealing a lack of resilience. This is an immediate disqualifier. one_tip: Always maintain a professional and positive demeanor, even if you are feeling stressed. Focus on showcasing your skills and enthusiasm for the role.

══════════════════════════════════════════════════════════════════════════════
7. interview/mock/follow-up — cap enforcement under concurrent hammering
══════════════════════════════════════════════════════════════════════════════
reactive follow-up calls already logged before burst: 0

──────────────────────────────────────────────────────────────────────
7a. Fire 8 CONCURRENT follow-up requests (cap=5) — check-then-act race probe
──────────────────────────────────────────────────────────────────────
burst statuses: [
  200, 200, 200,
  200, 200, 200,
  200, 200
]
succeeded=8 rejected429=0 (cap should allow exactly 5 more)
  ✗ follow-up cap holds under 8-way concurrent burst (expected <=5 succeed, not more) — succeeded=8 expectedMax=5 — statuses=[200,200,200,200,200,200,200,200]

──────────────────────────────────────────────────────────────────────
7b. One more request after cap exhausted — must be 429, zero AI cost
──────────────────────────────────────────────────────────────────────
  ✓ post-cap request is 429 — status=429 body={"error":"You've used all 5 reactive follow-ups for this session. Continue with the structured questions — this resets in a few hours."}

──────────────────────────────────────────────────────────────────────
7c. Verify actual DB row count matches — does the DB agree with what we counted?
──────────────────────────────────────────────────────────────────────
reactive follow-up calls logged in DB after burst: 8
  ✗ DB-logged reactive follow-up call count does not exceed the hard cap of 5 — db_count=8

──────────────────────────────────────────────────────────────────────
7d. Boundary — short answer / short project context
──────────────────────────────────────────────────────────────────────
  ✓ follow-up short answer -> 400 (not counted against cap) — status=400
  ✓ follow-up empty project_context -> 400 with actionable copy — status=400 error=Add at least one real project to your resume to unlock the reactive follow-up.

══════════════════════════════════════════════════════════════════════════════
8. ai_call_logs — feature tagging sanity
══════════════════════════════════════════════════════════════════════════════
total ai_call_logs rows for this student: 21, tagged feature=placement: 21
  ✓ every AI call this run is tagged feature=placement — total=21 placementTagged=21

══════════════════════════════════════════════════════════════════════════════
SUMMARY
══════════════════════════════════════════════════════════════════════════════
{ passed: 26, failed: 7 }

══════════════════════════════════════════════════════════════════════════════
cleanup
══════════════════════════════════════════════════════════════════════════════
deleted student cp-harness-0550f805@edunexus-harness.invalid (0 session(s))
student_placement_profiles cleanup error (expected null if FK-cascaded already): null
